// First program example
 
#import <Foundation/Foundation.h>
 
int main (int argc, const char * argv[])
{
  NSAutoreleasePool *pool = new(NSAutoreleasePool());
  NSLog("Hello, World!");
  pool.drain();
  return 0;
}
